DEBUG: Tools initialized. Tavily Key Present: True
